Archive member included to satisfy reference by file (symbol)

C:/ST/STM32CubeIDE_2.2.0/STM32CubeIDE/plugins/com.st.stm32cube.ide.mcu.externaltools.gnu-tools-for-stm32.14.3.rel1.win32_1.0.100.202602081740/tools/bin/../lib/gcc/arm-none-eabi/14.3.1/../../../../arm-none-eabi/lib/thumb/v7e-m+fp/hard\libc_nano.a(libc_a-exit.o)
                              C:/ST/STM32CubeIDE_2.2.0/STM32CubeIDE/plugins/com.st.stm32cube.ide.mcu.externaltools.gnu-tools-for-stm32.14.3.rel1.win32_1.0.100.202602081740/tools/bin/../lib/gcc/arm-none-eabi/14.3.1/../../../../arm-none-eabi/lib/thumb/v7e-m+fp/hard/crt0.o (exit)
C:/ST/STM32CubeIDE_2.2.0/STM32CubeIDE/plugins/com.st.stm32cube.ide.mcu.externaltools.gnu-tools-for-stm32.14.3.rel1.win32_1.0.100.202602081740/tools/bin/../lib/gcc/arm-none-eabi/14.3.1/../../../../arm-none-eabi/lib/thumb/v7e-m+fp/hard\libc_nano.a(libc_a-findfp.o)
                              C:/ST/STM32CubeIDE_2.2.0/STM32CubeIDE/plugins/com.st.stm32cube.ide.mcu.externaltools.gnu-tools-for-stm32.14.3.rel1.win32_1.0.100.202602081740/tools/bin/../lib/gcc/arm-none-eabi/14.3.1/../../../../arm-none-eabi/lib/thumb/v7e-m+fp/hard\libc_nano.a(libc_a-exit.o) (__stdio_exit_handler)
C:/ST/STM32CubeIDE_2.2.0/STM32CubeIDE/plugins/com.st.stm32cube.ide.mcu.externaltools.gnu-tools-for-stm32.14.3.rel1.win32_1.0.100.202602081740/tools/bin/../lib/gcc/arm-none-eabi/14.3.1/../../../../arm-none-eabi/lib/thumb/v7e-m+fp/hard\libc_nano.a(libc_a-fwalk.o)
                              C:/ST/STM32CubeIDE_2.2.0/STM32CubeIDE/plugins/com.st.stm32cube.ide.mcu.externaltools.gnu-tools-for-stm32.14.3.rel1.win32_1.0.100.202602081740/tools/bin/../lib/gcc/arm-none-eabi/14.3.1/../../../../arm-none-eabi/lib/thumb/v7e-m+fp/hard\libc_nano.a(libc_a-findfp.o) (_fwalk_sglue)
C:/ST/STM32CubeIDE_2.2.0/STM32CubeIDE/plugins/com.st.stm32cube.ide.mcu.externaltools.gnu-tools-for-stm32.14.3.rel1.win32_1.0.100.202602081740/tools/bin/../lib/gcc/arm-none-eabi/14.3.1/../../../../arm-none-eabi/lib/thumb/v7e-m+fp/hard\libc_nano.a(libc_a-stdio.o)
                              C:/ST/STM32CubeIDE_2.2.0/STM32CubeIDE/plugins/com.st.stm32cube.ide.mcu.externaltools.gnu-tools-for-stm32.14.3.rel1.win32_1.0.100.202602081740/tools/bin/../lib/gcc/arm-none-eabi/14.3.1/../../../../arm-none-eabi/lib/thumb/v7e-m+fp/hard\libc_nano.a(libc_a-findfp.o) (__sread)
C:/ST/STM32CubeIDE_2.2.0/STM32CubeIDE/plugins/com.st.stm32cube.ide.mcu.externaltools.gnu-tools-for-stm32.14.3.rel1.win32_1.0.100.202602081740/tools/bin/../lib/gcc/arm-none-eabi/14.3.1/../../../../arm-none-eabi/lib/thumb/v7e-m+fp/hard\libc_nano.a(libc_a-memset.o)
                              C:/ST/STM32CubeIDE_2.2.0/STM32CubeIDE/plugins/com.st.stm32cube.ide.mcu.externaltools.gnu-tools-for-stm32.14.3.rel1.win32_1.0.100.202602081740/tools/bin/../lib/gcc/arm-none-eabi/14.3.1/../../../../arm-none-eabi/lib/thumb/v7e-m+fp/hard/crt0.o (memset)
C:/ST/STM32CubeIDE_2.2.0/STM32CubeIDE/plugins/com.st.stm32cube.ide.mcu.externaltools.gnu-tools-for-stm32.14.3.rel1.win32_1.0.100.202602081740/tools/bin/../lib/gcc/arm-none-eabi/14.3.1/../../../../arm-none-eabi/lib/thumb/v7e-m+fp/hard\libc_nano.a(libc_a-closer.o)
                              C:/ST/STM32CubeIDE_2.2.0/STM32CubeIDE/plugins/com.st.stm32cube.ide.mcu.externaltools.gnu-tools-for-stm32.14.3.rel1.win32_1.0.100.202602081740/tools/bin/../lib/gcc/arm-none-eabi/14.3.1/../../../../arm-none-eabi/lib/thumb/v7e-m+fp/hard\libc_nano.a(libc_a-stdio.o) (_close_r)
C:/ST/STM32CubeIDE_2.2.0/STM32CubeIDE/plugins/com.st.stm32cube.ide.mcu.externaltools.gnu-tools-for-stm32.14.3.rel1.win32_1.0.100.202602081740/tools/bin/../lib/gcc/arm-none-eabi/14.3.1/../../../../arm-none-eabi/lib/thumb/v7e-m+fp/hard\libc_nano.a(libc_a-reent.o)
                              C:/ST/STM32CubeIDE_2.2.0/STM32CubeIDE/plugins/com.st.stm32cube.ide.mcu.externaltools.gnu-tools-for-stm32.14.3.rel1.win32_1.0.100.202602081740/tools/bin/../lib/gcc/arm-none-eabi/14.3.1/../../../../arm-none-eabi/lib/thumb/v7e-m+fp/hard\libc_nano.a(libc_a-closer.o) (errno)
C:/ST/STM32CubeIDE_2.2.0/STM32CubeIDE/plugins/com.st.stm32cube.ide.mcu.externaltools.gnu-tools-for-stm32.14.3.rel1.win32_1.0.100.202602081740/tools/bin/../lib/gcc/arm-none-eabi/14.3.1/../../../../arm-none-eabi/lib/thumb/v7e-m+fp/hard\libc_nano.a(libc_a-impure.o)
                              C:/ST/STM32CubeIDE_2.2.0/STM32CubeIDE/plugins/com.st.stm32cube.ide.mcu.externaltools.gnu-tools-for-stm32.14.3.rel1.win32_1.0.100.202602081740/tools/bin/../lib/gcc/arm-none-eabi/14.3.1/../../../../arm-none-eabi/lib/thumb/v7e-m+fp/hard\libc_nano.a(libc_a-reent.o) (_impure_ptr)
C:/ST/STM32CubeIDE_2.2.0/STM32CubeIDE/plugins/com.st.stm32cube.ide.mcu.externaltools.gnu-tools-for-stm32.14.3.rel1.win32_1.0.100.202602081740/tools/bin/../lib/gcc/arm-none-eabi/14.3.1/../../../../arm-none-eabi/lib/thumb/v7e-m+fp/hard\libc_nano.a(libc_a-lseekr.o)
[...]
Memory Configuration

Name             Origin             Length             Attributes
RAM              0x20000000         0x00050000         xrw
FLASH            0x08000000         0x00100000         xr
*default*        0x00000000         0xffffffff

Linker script and memory map

LOAD C:/ST/STM32CubeIDE_2.2.0/STM32CubeIDE/plugins/com.st.stm32cube.ide.mcu.externaltools.gnu-tools-for-stm32.14.3.rel1.win32_1.0.100.202602081740/tools/bin/../lib/gcc/arm-none-eabi/14.3.1/thumb/v7e-m+fp/hard/crti.o
LOAD C:/ST/STM32CubeIDE_2.2.0/STM32CubeIDE/plugins/com.st.stm32cube.ide.mcu.externaltools.gnu-tools-for-stm32.14.3.rel1.win32_1.0.100.202602081740/tools/bin/../lib/gcc/arm-none-eabi/14.3.1/thumb/v7e-m+fp/hard/crtbegin.o
LOAD C:/ST/STM32CubeIDE_2.2.0/STM32CubeIDE/plugins/com.st.stm32cube.ide.mcu.externaltools.gnu-tools-for-stm32.14.3.rel1.win32_1.0.100.202602081740/tools/bin/../lib/gcc/arm-none-eabi/14.3.1/../../../../arm-none-eabi/lib/thumb/v7e-m+fp/hard/crt0.o
LOAD ./Core/Src/button.o
LOAD ./Core/Src/charge_status.o
LOAD ./Core/Src/drv2605.o
LOAD ./Core/Src/gpio.o
LOAD ./Core/Src/haptic.o
LOAD ./Core/Src/i2c.o
LOAD ./Core/Src/main.o
LOAD ./Core/Src/rgb_led.o
LOAD ./Core/Src/stm32f4xx_hal_i2c.o
LOAD ./Core/Src/stm32f4xx_hal_i2c_ex.o
LOAD ./Core/Src/stm32f4xx_hal_msp.o
LOAD ./Core/Src/stm32f4xx_hal_tim.o
LOAD ./Core/Src/stm32f4xx_hal_tim_ex.o
LOAD ./Core/Src/stm32f4xx_it.o
LOAD ./Core/Src/syscalls.o
LOAD ./Core/Src/sysmem.o
LOAD ./Core/Src/system_stm32f4xx.o
LOAD ./Core/Src/tim.o
LOAD ./Core/Startup/startup_stm32f413rgtx.o
LOAD ./Drivers/STM32F4xx_HAL_Driver/Src/stm32f4xx_hal.o
LOAD ./Drivers/STM32F4xx_HAL_Driver/Src/stm32f4xx_hal_cortex.o
LOAD ./Drivers/STM32F4xx_HAL_Driver/Src/stm32f4xx_hal_dma.o
LOAD ./Drivers/STM32F4xx_HAL_Driver/Src/stm32f4xx_hal_dma_ex.o
LOAD ./Drivers/STM32F4xx_HAL_Driver/Src/stm32f4xx_hal_exti.o
LOAD ./Drivers/STM32F4xx_HAL_Driver/Src/stm32f4xx_hal_flash.o
LOAD ./Drivers/STM32F4xx_HAL_Driver/Src/stm32f4xx_hal_flash_ex.o
LOAD ./Drivers/STM32F4xx_HAL_Driver/Src/stm32f4xx_hal_flash_ramfunc.o
LOAD ./Drivers/STM32F4xx_HAL_Driver/Src/stm32f4xx_hal_gpio.o
LOAD ./Drivers/STM32F4xx_HAL_Driver/Src/stm32f4xx_hal_pwr.o
LOAD ./Drivers/STM32F4xx_HAL_Driver/Src/stm32f4xx_hal_pwr_ex.o
LOAD ./Drivers/STM32F4xx_HAL_Driver/Src/stm32f4xx_hal_rcc.o
LOAD ./Drivers/STM32F4xx_HAL_Driver/Src/stm32f4xx_hal_rcc_ex.o
START GROUP
LOAD C:/ST/STM32CubeIDE_2.2.0/STM32CubeIDE/plugins/com.st.stm32cube.ide.mcu.externaltools.gnu-tools-for-stm32.14.3.rel1.win32_1.0.100.202602081740/tools/bin/../lib/gcc/arm-none-eabi/14.3.1/../../../../arm-none-eabi/lib/thumb/v7e-m+fp/hard\libc_nano.a
LOAD C:/ST/STM32CubeIDE_2.2.0/STM32CubeIDE/plugins/com.st.stm32cube.ide.mcu.externaltools.gnu-tools-for-stm32.14.3.rel1.win32_1.0.100.202602081740/tools/bin/../lib/gcc/arm-none-eabi/14.3.1/../../../../arm-none-eabi/lib/thumb/v7e-m+fp/hard\libm.a
END GROUP
START GROUP
LOAD C:/ST/STM32CubeIDE_2.2.0/STM32CubeIDE/plugins/com.st.stm32cube.ide.mcu.externaltools.gnu-tools-for-stm32.14.3.rel1.win32_1.0.100.202602081740/tools/bin/../lib/gcc/arm-none-eabi/14.3.1/thumb/v7e-m+fp/hard\libgcc.a
LOAD C:/ST/STM32CubeIDE_2.2.0/STM32CubeIDE/plugins/com.st.stm32cube.ide.mcu.externaltools.gnu-tools-for-stm32.14.3.rel1.win32_1.0.100.202602081740/tools/bin/../lib/gcc/arm-none-eabi/14.3.1/../../../../arm-none-eabi/lib/thumb/v7e-m+fp/hard\libc_nano.a
END GROUP
START GROUP
LOAD C:/ST/STM32CubeIDE_2.2.0/STM32CubeIDE/plugins/com.st.stm32cube.ide.mcu.externaltools.gnu-tools-for-stm32.14.3.rel1.win32_1.0.100.202602081740/tools/bin/../lib/gcc/arm-none-eabi/14.3.1/thumb/v7e-m+fp/hard\libgcc.a
LOAD C:/ST/STM32CubeIDE_2.2.0/STM32CubeIDE/plugins/com.st.stm32cube.ide.mcu.externaltools.gnu-tools-for-stm32.14.3.rel1.win32_1.0.100.202602081740/tools/bin/../lib/gcc/arm-none-eabi/14.3.1/../../../../arm-none-eabi/lib/thumb/v7e-m+fp/hard\libc_nano.a
LOAD C:/ST/STM32CubeIDE_2.2.0/STM32CubeIDE/plugins/com.st.stm32cube.ide.mcu.externaltools.gnu-tools-for-stm32.14.3.rel1.win32_1.0.100.202602081740/tools/bin/../lib/gcc/arm-none-eabi/14.3.1/../../../../arm-none-eabi/lib/thumb/v7e-m+fp/hard\libnosys.a
END GROUP
START GROUP
LOAD C:/ST/STM32CubeIDE_2.2.0/STM32CubeIDE/plugins/com.st.stm32cube.ide.mcu.externaltools.gnu-tools-for-stm32.14.3.rel1.win32_1.0.100.202602081740/tools/bin/../lib/gcc/arm-none-eabi/14.3.1/thumb/v7e-m+fp/hard\libgcc.a
LOAD C:/ST/STM32CubeIDE_2.2.0/STM32CubeIDE/plugins/com.st.stm32cube.ide.mcu.externaltools.gnu-tools-for-stm32.14.3.rel1.win32_1.0.100.202602081740/tools/bin/../lib/gcc/arm-none-eabi/14.3.1/../../../../arm-none-eabi/lib/thumb/v7e-m+fp/hard\libc_nano.a
LOAD C:/ST/STM32CubeIDE_2.2.0/STM32CubeIDE/plugins/com.st.stm32cube.ide.mcu.externaltools.gnu-tools-for-stm32.14.3.rel1.win32_1.0.100.202602081740/tools/bin/../lib/gcc/arm-none-eabi/14.3.1/../../../../arm-none-eabi/lib/thumb/v7e-m+fp/hard\libnosys.a
END GROUP
LOAD C:/ST/STM32CubeIDE_2.2.0/STM32CubeIDE/plugins/com.st.stm32cube.ide.mcu.externaltools.gnu-tools-for-stm32.14.3.rel1.win32_1.0.100.202602081740/tools/bin/../lib/gcc/arm-none-eabi/14.3.1/thumb/v7e-m+fp/hard/crtend.o
LOAD C:/ST/STM32CubeIDE_2.2.0/STM32CubeIDE/plugins/com.st.stm32cube.ide.mcu.externaltools.gnu-tools-for-stm32.14.3.rel1.win32_1.0.100.202602081740/tools/bin/../lib/gcc/arm-none-eabi/14.3.1/thumb/v7e-m+fp/hard/crtn.o
                0x20050000                        _estack = (ORIGIN (RAM) + LENGTH (RAM))
                0x00000200                        _Min_Heap_Size = 0x200
                0x00000400                        _Min_Stack_Size = 0x400

.isr_vector     0x08000000      0x1d8
                0x08000000                        . = ALIGN (0x4)
 *(.isr_vector)
 .isr_vector    0x08000000      0x1d8 ./Core/Startup/startup_stm32f413rgtx.o
                0x08000000                g_pfnVectors
                0x080001d8                        . = ALIGN (0x4)

.text           0x080001d8     0x4780
                0x080001d8                        . = ALIGN (0x4)
 *(.text)
 .text          0x080001d8       0x40 C:/ST/STM32CubeIDE_2.2.0/STM32CubeIDE/plugins/com.st.stm32cube.ide.mcu.externaltools.gnu-tools-for-stm32.14.3.rel1.win32_1.0.100.202602081740/tools/bin/../lib/gcc/arm-none-eabi/14.3.1/thumb/v7e-m+fp/hard/crtbegin.o
 .text          0x08000218       0x30 C:/ST/STM32CubeIDE_2.2.0/STM32CubeIDE/plugins/com.st.stm32cube.ide.mcu.externaltools.gnu-tools-for-stm32.14.3.rel1.win32_1.0.100.202602081740/tools/bin/../lib/gcc/arm-none-eabi/14.3.1/thumb/v7e-m+fp/hard\libgcc.a(_aeabi_uldivmod.o)
                0x08000218                __aeabi_uldivmod
 .text          0x08000248      0x2f8 C:/ST/STM32CubeIDE_2.2.0/STM32CubeIDE/plugins/com.st.stm32cube.ide.mcu.externaltools.gnu-tools-for-stm32.14.3.rel1.win32_1.0.100.202602081740/tools/bin/../lib/gcc/arm-none-eabi/14.3.1/thumb/v7e-m+fp/hard\libgcc.a(_udivmoddi4.o)
                0x08000248                __udivmoddi4
 .text          0x08000540        0x4 C:/ST/STM32CubeIDE_2.2.0/STM32CubeIDE/plugins/com.st.stm32cube.ide.mcu.externaltools.gnu-tools-for-stm32.14.3.rel1.win32_1.0.100.202602081740/tools/bin/../lib/gcc/arm-none-eabi/14.3.1/thumb/v7e-m+fp/hard\libgcc.a(_dvmd_tls.o)
                0x08000540                __aeabi_idiv0
                0x08000540                __aeabi_ldiv0
 *(.text*)
 .text.Button_Init
                0x08000544       0x2c ./Core/Src/button.o
                0x08000544                Button_Init
 .text.Button_ConsumePressEvent
                0x08000570       0x58 ./Core/Src/button.o
                0x08000570                Button_ConsumePressEvent
 .text.ChargeStatus_Init
                0x080005c8       0x16 ./Core/Src/charge_status.o
                0x080005c8                ChargeStatus_Init
 *fill*         0x080005de        0x2 
 .text.ChargeStatus_Update
                0x080005e0       0x28 ./Core/Src/charge_status.o
                0x080005e0                ChargeStatus_Update
 .text.DRV2605_WriteReg
                0x08000608       0x38 ./Core/Src/drv2605.o
                0x08000608                DRV2605_WriteReg
 .text.DRV2605_ReadReg
                0x08000640       0x48 ./Core/Src/drv2605.o
                0x08000640                DRV2605_ReadReg
 .text.DRV2605_PowerUp
                0x08000688       0x68 ./Core/Src/drv2605.o
                0x08000688                DRV2605_PowerUp
 .text.DRV2605_PowerDown
                0x080006f0       0x18 ./Core/Src/drv2605.o
                0x080006f0                DRV2605_PowerDown
 .text.DRV2605_SetRealtimeAmplitude
                0x08000708       0x1e ./Core/Src/drv2605.o
                0x08000708                DRV2605_SetRealtimeAmplitude
 .text.DRV2605_PlayDoubleTap
                0x08000726       0xe0 ./Core/Src/drv2605.o
                0x08000726                DRV2605_PlayDoubleTap
 *fill*         0x08000806        0x2 
 .text.GPIO_Init
                0x08000808      0x158 ./Core/Src/gpio.o
                0x08000808                GPIO_Init
 .text.pct_to_amp
                0x08000960       0x38 ./Core/Src/haptic.o
 .text.end_session
                0x08000998       0x34 ./Core/Src/haptic.o
 .text.enter_phase
                0x080009cc       0x40 ./Core/Src/haptic.o
 .text.advance_from
                0x08000a0c       0x98 ./Core/Src/haptic.o
 .text.Haptic_Init
                0x08000aa4       0x3c ./Core/Src/haptic.o
                0x08000aa4                Haptic_Init
 .text.Haptic_NextPattern
                0x08000ae0       0x8c ./Core/Src/haptic.o
                0x08000ae0                Haptic_NextPattern
 .text.Haptic_Update
                0x08000b6c      0x28c ./Core/Src/haptic.o
                0x08000b6c                Haptic_Update
 .text.I2C1_Init
                0x08000df8       0xd4 ./Core/Src/i2c.o
                0x08000df8                I2C1_Init
 .text.main     0x08000ecc       0x42 ./Core/Src/main.o
                0x08000ecc                main
 *fill*         0x08000f0e        0x2 
 .text.SystemClock_Config
                0x08000f10       0xd0 ./Core/Src/main.o
 .text.Error_Handler
                0x08000fe0        0xc ./Core/Src/main.o
                0x08000fe0                Error_Handler
 .text.RGB_ChargeLED_Init
                0x08000fec       0x78 ./Core/Src/rgb_led.o
                0x08000fec                RGB_ChargeLED_Init
 .text.RGB_ChargeLED_Red
                0x08001064       0x28 ./Core/Src/rgb_led.o
                0x08001064                RGB_ChargeLED_Red
 .text.RGB_ChargeLED_GreenSolid
                0x0800108c        0xe ./Core/Src/rgb_led.o
                0x0800108c                RGB_ChargeLED_GreenSolid
 *fill*         0x0800109a        0x2 
 .text.HAL_I2C_Init
                0x0800109c      0x288 ./Core/Src/stm32f4xx_hal_i2c.o
                0x0800109c                HAL_I2C_Init
 .text.HAL_I2C_MspInit
                0x08001324       0x14 ./Core/Src/stm32f4xx_hal_i2c.o
                0x08001324                HAL_I2C_MspInit
 .text.HAL_I2C_Master_Transmit
                0x08001338      0x1fc ./Core/Src/stm32f4xx_hal_i2c.o
                0x08001338                HAL_I2C_Master_Transmit
 .text.HAL_I2C_Master_Receive
                0x08001534      0x464 ./Core/Src/stm32f4xx_hal_i2c.o
                0x08001534                HAL_I2C_Master_Receive
 .text.I2C_MasterRequestWrite
                0x08001998      0x104 ./Core/Src/stm32f4xx_hal_i2c.o
 .text.I2C_MasterRequestRead
                0x08001a9c      0x19c ./Core/Src/stm32f4xx_hal_i2c.o
 .text.I2C_WaitOnFlagUntilTimeout
                0x08001c38       0xf4 ./Core/Src/stm32f4xx_hal_i2c.o
 .text.I2C_WaitOnMasterAddressFlagUntilTimeout
                0x08001d2c      0x140 ./Core/Src/stm32f4xx_hal_i2c.o
 .text.I2C_WaitOnTXEFlagUntilTimeout
                0x08001e6c       0x90 ./Core/Src/stm32f4xx_hal_i2c.o
 .text.I2C_WaitOnBTFFlagUntilTimeout
                0x08001efc       0x90 ./Core/Src/stm32f4xx_hal_i2c.o
 .text.I2C_WaitOnRXNEFlagUntilTimeout
                0x08001f8c       0xba ./Core/Src/stm32f4xx_hal_i2c.o
 .text.I2C_IsAcknowledgeFailed
                0x08002046       0x5e ./Core/Src/stm32f4xx_hal_i2c.o
 .text.HAL_MspInit
                0x080020a4       0x50 ./Core/Src/stm32f4xx_hal_msp.o
                0x080020a4                HAL_MspInit
 .text.HAL_TIM_PWM_Init
                0x080020f4       0x9e ./Core/Src/stm32f4xx_hal_tim.o
                0x080020f4                HAL_TIM_PWM_Init
 .text.HAL_TIM_PWM_MspInit
                0x08002192       0x14 ./Core/Src/stm32f4xx_hal_tim.o
                0x08002192                HAL_TIM_PWM_MspInit
 *fill*         0x080021a6        0x2 
 .text.HAL_TIM_PWM_Start
                0x080021a8      0x190 ./Core/Src/stm32f4xx_hal_tim.o
                0x080021a8                HAL_TIM_PWM_Start
 .text.HAL_TIM_PWM_ConfigChannel
                0x08002338      0x184 ./Core/Src/stm32f4xx_hal_tim.o
                0x08002338                HAL_TIM_PWM_ConfigChannel
 .text.TIM_Base_SetConfig
                0x080024bc      0x14c ./Core/Src/stm32f4xx_hal_tim.o
                0x080024bc                TIM_Base_SetConfig
 .text.TIM_OC1_SetConfig
                0x08002608       0xe0 ./Core/Src/stm32f4xx_hal_tim.o
 .text.TIM_OC2_SetConfig
                0x080026e8       0xec ./Core/Src/stm32f4xx_hal_tim.o
                0x080026e8                TIM_OC2_SetConfig
 .text.TIM_OC3_SetConfig
                0x080027d4       0xe8 ./Core/Src/stm32f4xx_hal_tim.o
 .text.TIM_OC4_SetConfig
                0x080028bc       0xac ./Core/Src/stm32f4xx_hal_tim.o
 .text.TIM_CCxChannelCmd
                0x08002968       0x4a ./Core/Src/stm32f4xx_hal_tim.o
                0x08002968                TIM_CCxChannelCmd
 .text.NMI_Handler
                0x080029b2        0x8 ./Core/Src/stm32f4xx_it.o
                0x080029b2                NMI_Handler
 .text.HardFault_Handler
                0x080029ba        0x8 ./Core/Src/stm32f4xx_it.o
                0x080029ba                HardFault_Handler
 .text.MemManage_Handler
                0x080029c2        0x8 ./Core/Src/stm32f4xx_it.o
                0x080029c2                MemManage_Handler
 .text.BusFault_Handler
                0x080029ca        0x8 ./Core/Src/stm32f4xx_it.o
                0x080029ca                BusFault_Handler
 .text.UsageFault_Handler
                0x080029d2        0x8 ./Core/Src/stm32f4xx_it.o
                0x080029d2                UsageFault_Handler
 .text.SVC_Handler
                0x080029da        0xe ./Core/Src/stm32f4xx_it.o
                0x080029da                SVC_Handler
 .text.DebugMon_Handler
                0x080029e8        0xe ./Core/Src/stm32f4xx_it.o
                0x080029e8                DebugMon_Handler
 .text.PendSV_Handler
                0x080029f6        0xe ./Core/Src/stm32f4xx_it.o
                0x080029f6                PendSV_Handler
 .text.SysTick_Handler
                0x08002a04        0xc ./Core/Src/stm32f4xx_it.o
                0x08002a04                SysTick_Handler
 .text.SystemInit
                0x08002a10       0x24 ./Core/Src/system_stm32f4xx.o
                0x08002a10                SystemInit
 .text.TIM1_RGB_Init
                0x08002a34      0x164 ./Core/Src/tim.o
                0x08002a34                TIM1_RGB_Init
 .text.TIM_SetModeLED
                0x08002b98       0x3c ./Core/Src/tim.o
                0x08002b98                TIM_SetModeLED
 .text.TIM12_ChargeLED_Init
                0x08002bd4      0x100 ./Core/Src/tim.o
                0x08002bd4                TIM12_ChargeLED_Init
 .text.TIM_SetChargeGreenDuty
                0x08002cd4       0x24 ./Core/Src/tim.o
                0x08002cd4                TIM_SetChargeGreenDuty
 .text.Reset_Handler
                0x08002cf8       0x50 ./Core/Startup/startup_stm32f413rgtx.o
                0x08002cf8                Reset_Handler
 .text.Default_Handler
                0x08002d48        0x2 ./Core/Startup/startup_stm32f413rgtx.o
                0x08002d48                RTC_Alarm_IRQHandler
                0x08002d48                EXTI2_IRQHandler
                0x08002d48                TIM8_CC_IRQHandler
                0x08002d48                UART8_IRQHandler
                0x08002d48                FMPI2C1_EV_IRQHandler
                0x08002d48                SPI4_IRQHandler
                0x08002d48                TIM1_CC_IRQHandler
                0x08002d48                DMA2_Stream5_IRQHandler
                0x08002d48                DMA1_Stream5_IRQHandler
                0x08002d48                CAN3_RX1_IRQHandler
                0x08002d48                PVD_IRQHandler
                0x08002d48                SDIO_IRQHandler
                0x08002d48                TAMP_STAMP_IRQHandler
                0x08002d48                CAN2_RX1_IRQHandler
                0x08002d48                EXTI3_IRQHandler
                0x08002d48                TIM8_TRG_COM_TIM14_IRQHandler
                0x08002d48                DFSDM1_FLT1_IRQHandler
                0x08002d48                TIM1_UP_TIM10_IRQHandler
                0x08002d48                TIM8_UP_TIM13_IRQHandler
                0x08002d48                I2C3_ER_IRQHandler
                0x08002d48                EXTI0_IRQHandler
                0x08002d48                I2C2_EV_IRQHandler
                0x08002d48                DMA1_Stream2_IRQHandler
                0x08002d48                CAN1_RX0_IRQHandler
                0x08002d48                FPU_IRQHandler
                0x08002d48                CAN3_SCE_IRQHandler
                0x08002d48                CAN2_SCE_IRQHandler
                0x08002d48                DMA2_Stream2_IRQHandler
                0x08002d48                SPI1_IRQHandler
                0x08002d48                TIM6_DAC_IRQHandler
                0x08002d48                TIM1_BRK_TIM9_IRQHandler
                0x08002d48                CAN2_RX0_IRQHandler
                0x08002d48                DMA2_Stream3_IRQHandler
                0x08002d48                USART6_IRQHandler
                0x08002d48                CAN3_RX0_IRQHandler
                0x08002d48                USART3_IRQHandler
                0x08002d48                DFSDM2_FLT3_IRQHandler
                0x08002d48                CAN1_RX1_IRQHandler
                0x08002d48                UART5_IRQHandler
                0x08002d48                DMA2_Stream0_IRQHandler
                0x08002d48                TIM4_IRQHandler
                0x08002d48                QUADSPI_IRQHandler
                0x08002d48                I2C1_EV_IRQHandler
                0x08002d48                DMA1_Stream6_IRQHandler
                0x08002d48                DMA1_Stream1_IRQHandler
                0x08002d48                UART4_IRQHandler
                0x08002d48                TIM3_IRQHandler
                0x08002d48                RCC_IRQHandler
                0x08002d48                UART9_IRQHandler
                0x08002d48                TIM8_BRK_TIM12_IRQHandler
                0x08002d48                Default_Handler
                0x08002d48                EXTI15_10_IRQHandler
                0x08002d48                ADC_IRQHandler
                0x08002d48                DMA1_Stream7_IRQHandler
                0x08002d48                DFSDM2_FLT0_IRQHandler
                0x08002d48                SPI5_IRQHandler
                0x08002d48                TIM7_IRQHandler
                0x08002d48                CAN2_TX_IRQHandler
                0x08002d48                TIM5_IRQHandler
                0x08002d48                DMA2_Stream7_IRQHandler
                0x08002d48                I2C3_EV_IRQHandler
                0x08002d48                DFSDM2_FLT2_IRQHandler
                0x08002d48                EXTI9_5_IRQHandler
                0x08002d48                RTC_WKUP_IRQHandler
                0x08002d48                SPI2_IRQHandler
                0x08002d48                DMA1_Stream0_IRQHandler
                0x08002d48                CAN1_TX_IRQHandler
                0x08002d48                FMPI2C1_ER_IRQHandler
                0x08002d48                EXTI4_IRQHandler
                0x08002d48                DFSDM2_FLT1_IRQHandler
                0x08002d48                RNG_IRQHandler
                0x08002d48                FSMC_IRQHandler
                0x08002d48                WWDG_IRQHandler
                0x08002d48                CAN3_TX_IRQHandler
                0x08002d48                TIM2_IRQHandler
                0x08002d48                OTG_FS_WKUP_IRQHandler
                0x08002d48                TIM1_TRG_COM_TIM11_IRQHandler
                0x08002d48                EXTI1_IRQHandler
                0x08002d48                UART7_IRQHandler
                0x08002d48                USART2_IRQHandler
                0x08002d48                DFSDM1_FLT0_IRQHandler
                0x08002d48                I2C2_ER_IRQHandler
                0x08002d48                DMA2_Stream1_IRQHandler
                0x08002d48                CAN1_SCE_IRQHandler
                0x08002d48                FLASH_IRQHandler
                0x08002d48                DMA2_Stream4_IRQHandler
                0x08002d48                USART1_IRQHandler
                0x08002d48                OTG_FS_IRQHandler
                0x08002d48                SPI3_IRQHandler
                0x08002d48                DMA1_Stream4_IRQHandler
                0x08002d48                I2C1_ER_IRQHandler
                0x08002d48                LPTIM1_IRQHandler
                0x08002d48                DMA2_Stream6_IRQHandler
                0x08002d48                UART10_IRQHandler
                0x08002d48                SAI1_IRQHandler
                0x08002d48                DMA1_Stream3_IRQHandler
 *fill*         0x08002d4a        0x2 
 .text.HAL_Init
                0x08002d4c       0x44 ./Drivers/STM32F4xx_HAL_Driver/Src/stm32f4xx_hal.o
                0x08002d4c                HAL_Init
 .text.HAL_InitTick
                0x08002d90       0x60 ./Drivers/STM32F4xx_HAL_Driver/Src/stm32f4xx_hal.o
                0x08002d90                HAL_InitTick
 .text.HAL_IncTick
                0x08002df0       0x28 ./Drivers/STM32F4xx_HAL_Driver/Src/stm32f4xx_hal.o
                0x08002df0                HAL_IncTick
 .text.HAL_GetTick
                0x08002e18       0x18 ./Drivers/STM32F4xx_HAL_Driver/Src/stm32f4xx_hal.o
                0x08002e18                HAL_GetTick
 .text.HAL_Delay
                0x08002e30       0x48 ./Drivers/STM32F4xx_HAL_Driver/Src/stm32f4xx_hal.o
                0x08002e30                HAL_Delay
 .text.__NVIC_SetPriorityGrouping
                0x08002e78       0x48 ./Drivers/STM32F4xx_HAL_Driver/Src/stm32f4xx_hal_cortex.o
 .text.__NVIC_GetPriorityGrouping
                0x08002ec0       0x1c ./Drivers/STM32F4xx_HAL_Driver/Src/stm32f4xx_hal_cortex.o
 .text.__NVIC_SetPriority
                0x08002edc       0x54 ./Drivers/STM32F4xx_HAL_Driver/Src/stm32f4xx_hal_cortex.o
 .text.NVIC_EncodePriority
                0x08002f30       0x66 ./Drivers/STM32F4xx_HAL_Driver/Src/stm32f4xx_hal_cortex.o
 *fill*         0x08002f96        0x2 
 .text.SysTick_Config
                0x08002f98       0x44 ./Drivers/STM32F4xx_HAL_Driver/Src/stm32f4xx_hal_cortex.o
 .text.HAL_NVIC_SetPriorityGrouping
                0x08002fdc       0x16 ./Drivers/STM32F4xx_HAL_Driver/Src/stm32f4xx_hal_cortex.o
                0x08002fdc                HAL_NVIC_SetPriorityGrouping
 .text.HAL_NVIC_SetPriority
                0x08002ff2       0x38 ./Drivers/STM32F4xx_HAL_Driver/Src/stm32f4xx_hal_cortex.o
                0x08002ff2                HAL_NVIC_SetPriority
 .text.HAL_SYSTICK_Config
                0x0800302a       0x18 ./Drivers/STM32F4xx_HAL_Driver/Src/stm32f4xx_hal_cortex.o
                0x0800302a                HAL_SYSTICK_Config
 *fill*         0x08003042        0x2 
 .text.HAL_GPIO_Init
                0x08003044      0x328 ./Drivers/STM32F4xx_HAL_Driver/Src/stm32f4xx_hal_gpio.o
                0x08003044                HAL_GPIO_Init
 .text.HAL_GPIO_ReadPin
                0x0800336c       0x30 ./Drivers/STM32F4xx_HAL_Driver/Src/stm32f4xx_hal_gpio.o
                0x0800336c                HAL_GPIO_ReadPin
 .text.HAL_GPIO_WritePin
                0x0800339c       0x32 ./Drivers/STM32F4xx_HAL_Driver/Src/stm32f4xx_hal_gpio.o
                0x0800339c                HAL_GPIO_WritePin
 *fill*         0x080033ce        0x2 
 .text.HAL_RCC_ClockConfig
                0x080033d0      0x1cc ./Drivers/STM32F4xx_HAL_Driver/Src/stm32f4xx_hal_rcc.o
                0x080033d0                HAL_RCC_ClockConfig
 .text.HAL_RCC_GetSysClockFreq
                0x0800359c      0x188 ./Drivers/STM32F4xx_HAL_Driver/Src/stm32f4xx_hal_rcc.o
                0x0800359c                HAL_RCC_GetSysClockFreq
 .text.HAL_RCC_GetHCLKFreq
                0x08003724       0x18 ./Drivers/STM32F4xx_HAL_Driver/Src/stm32f4xx_hal_rcc.o
                0x08003724                HAL_RCC_GetHCLKFreq
 .text.HAL_RCC_GetPCLK1Freq
                0x0800373c       0x28 ./Drivers/STM32F4xx_HAL_Driver/Src/stm32f4xx_hal_rcc.o
                0x0800373c                HAL_RCC_GetPCLK1Freq
 .text.HAL_RCC_OscConfig
                0x08003764      0x508 ./Drivers/STM32F4xx_HAL_Driver/Src/stm32f4xx_hal_rcc_ex.o
                0x08003764                HAL_RCC_OscConfig
 .text.memset   0x08003c6c       0x10 C:/ST/STM32CubeIDE_2.2.0/STM32CubeIDE/plugins/com.st.stm32cube.ide.mcu.externaltools.gnu-tools-for-stm32.14.3.rel1.win32_1.0.100.202602081740/tools/bin/../lib/gcc/arm-none-eabi/14.3.1/../../../../arm-none-eabi/lib/thumb/v7e-m+fp/hard\libc_nano.a(libc_a-memset.o)
                0x08003c6c                memset
 .text.__libc_init_array
                0x08003c7c       0x48 C:/ST/STM32CubeIDE_2.2.0/STM32CubeIDE/plugins/com.st.stm32cube.ide.mcu.externaltools.gnu-tools-for-stm32.14.3.rel1.win32_1.0.100.202602081740/tools/bin/../lib/gcc/arm-none-eabi/14.3.1/../../../../arm-none-eabi/lib/thumb/v7e-m+fp/hard\libc_nano.a(libc_a-init.o)
                0x08003c7c                __libc_init_array
 .text.cosf     0x08003cc4       0x70 C:/ST/STM32CubeIDE_2.2.0/STM32CubeIDE/plugins/com.st.stm32cube.ide.mcu.externaltools.gnu-tools-for-stm32.14.3.rel1.win32_1.0.100.202602081740/tools/bin/../lib/gcc/arm-none-eabi/14.3.1/../../../../arm-none-eabi/lib/thumb/v7e-m+fp/hard\libm.a(libm_a-sf_cos.o)
                0x08003cc4                cosf
 .text.__kernel_cosf
                0x08003d34      0x104 C:/ST/STM32CubeIDE_2.2.0/STM32CubeIDE/plugins/com.st.stm32cube.ide.mcu.externaltools.gnu-tools-for-stm32.14.3.rel1.win32_1.0.100.202602081740/tools/bin/../lib/gcc/arm-none-eabi/14.3.1/../../../../arm-none-eabi/lib/thumb/v7e-m+fp/hard\libm.a(libm_a-kf_cos.o)
                0x08003d34                __kernel_cosf
 .text.__kernel_sinf
                0x08003e38       0x90 C:/ST/STM32CubeIDE_2.2.0/STM32CubeIDE/plugins/com.st.stm32cube.ide.mcu.externaltools.gnu-tools-for-stm32.14.3.rel1.win32_1.0.100.202602081740/tools/bin/../lib/gcc/arm-none-eabi/14.3.1/../../../../arm-none-eabi/lib/thumb/v7e-m+fp/hard\libm.a(libm_a-kf_sin.o)
                0x08003e38                __kernel_sinf
 .text.__ieee754_rem_pio2f
                0x08003ec8      0x26c C:/ST/STM32CubeIDE_2.2.0/STM32CubeIDE/plugins/com.st.stm32cube.ide.mcu.externaltools.gnu-tools-for-stm32.14.3.rel1.win32_1.0.100.202602081740/tools/bin/../lib/gcc/arm-none-eabi/14.3.1/../../../../arm-none-eabi/lib/thumb/v7e-m+fp/hard\libm.a(libm_a-ef_rem_pio2.o)
                0x08003ec8                __ieee754_rem_pio2f
 .text.fabsf    0x08004134       0x10 C:/ST/STM32CubeIDE_2.2.0/STM32CubeIDE/plugins/com.st.stm32cube.ide.mcu.externaltools.gnu-tools-for-stm32.14.3.rel1.win32_1.0.100.202602081740/tools/bin/../lib/gcc/arm-none-eabi/14.3.1/../../../../arm-none-eabi/lib/thumb/v7e-m+fp/hard\libm.a(libm_a-sf_fabs.o)
                0x08004134                fabsf
 .text.__kernel_rem_pio2f
                0x08004144      0x68c C:/ST/STM32CubeIDE_2.2.0/STM32CubeIDE/plugins/com.st.stm32cube.ide.mcu.externaltools.gnu-tools-for-stm32.14.3.rel1.win32_1.0.100.202602081740/tools/bin/../lib/gcc/arm-none-eabi/14.3.1/../../../../arm-none-eabi/lib/thumb/v7e-m+fp/hard\libm.a(libm_a-kf_rem_pio2.o)
                0x08004144                __kernel_rem_pio2f
 .text.scalbnf  0x080047d0       0xdc C:/ST/STM32CubeIDE_2.2.0/STM32CubeIDE/plugins/com.st.stm32cube.ide.mcu.externaltools.gnu-tools-for-stm32.14.3.rel1.win32_1.0.100.202602081740/tools/bin/../lib/gcc/arm-none-eabi/14.3.1/../../../../arm-none-eabi/lib/thumb/v7e-m+fp/hard\libm.a(libm_a-sf_scalbn.o)
                0x080047d0                scalbnf
 .text.floorf   0x080048ac       0x94 C:/ST/STM32CubeIDE_2.2.0/STM32CubeIDE/plugins/com.st.stm32cube.ide.mcu.externaltools.gnu-tools-for-stm32.14.3.rel1.win32_1.0.100.202602081740/tools/bin/../lib/gcc/arm-none-eabi/14.3.1/../../../../arm-none-eabi/lib/thumb/v7e-m+fp/hard\libm.a(libm_a-sf_floor.o)
                0x080048ac                floorf
 *(.glue_7)
 .glue_7        0x08004940        0x0 linker stubs
 *(.glue_7t)
 .glue_7t       0x08004940        0x0 linker stubs
 *(.eh_frame)
 .eh_frame      0x08004940        0x0 C:/ST/STM32CubeIDE_2.2.0/STM32CubeIDE/plugins/com.st.stm32cube.ide.mcu.externaltools.gnu-tools-for-stm32.14.3.rel1.win32_1.0.100.202602081740/tools/bin/../lib/gcc/arm-none-eabi/14.3.1/thumb/v7e-m+fp/hard/crtbegin.o
 *(.init)
 .init          0x08004940        0x4 C:/ST/STM32CubeIDE_2.2.0/STM32CubeIDE/plugins/com.st.stm32cube.ide.mcu.externaltools.gnu-tools-for-stm32.14.3.rel1.win32_1.0.100.202602081740/tools/bin/../lib/gcc/arm-none-eabi/14.3.1/thumb/v7e-m+fp/hard/crti.o
                0x08004940                _init
 .init          0x08004944        0x8 C:/ST/STM32CubeIDE_2.2.0/STM32CubeIDE/plugins/com.st.stm32cube.ide.mcu.externaltools.gnu-tools-for-stm32.14.3.rel1.win32_1.0.100.202602081740/tools/bin/../lib/gcc/arm-none-eabi/14.3.1/thumb/v7e-m+fp/hard/crtn.o
 *(.fini)
 .fini          0x0800494c        0x4 C:/ST/STM32CubeIDE_2.2.0/STM32CubeIDE/plugins/com.st.stm32cube.ide.mcu.externaltools.gnu-tools-for-stm32.14.3.rel1.win32_1.0.100.202602081740/tools/bin/../lib/gcc/arm-none-eabi/14.3.1/thumb/v7e-m+fp/hard/crti.o
                0x0800494c                _fini
 .fini          0x08004950        0x8 C:/ST/STM32CubeIDE_2.2.0/STM32CubeIDE/plugins/com.st.stm32cube.ide.mcu.externaltools.gnu-tools-for-stm32.14.3.rel1.win32_1.0.100.202602081740/tools/bin/../lib/gcc/arm-none-eabi/14.3.1/thumb/v7e-m+fp/hard/crtn.o
                0x08004958                        . = ALIGN (0x4)
                0x08004958                        _etext = .

.vfp11_veneer   0x08004958        0x0
 .vfp11_veneer  0x08004958        0x0 linker stubs

.v4_bx          0x08004958        0x0
 .v4_bx         0x08004958        0x0 linker stubs

.iplt           0x08004958        0x0
 .iplt          0x08004958        0x0 C:/ST/STM32CubeIDE_2.2.0/STM32CubeIDE/plugins/com.st.stm32cube.ide.mcu.externaltools.gnu-tools-for-stm32.14.3.rel1.win32_1.0.100.202602081740/tools/bin/../lib/gcc/arm-none-eabi/14.3.1/thumb/v7e-m+fp/hard/crtbegin.o

.rodata         0x08004958      0x440
                0x08004958                        . = ALIGN (0x4)
 *(.rodata)
 .rodata        0x08004958       0x28 ./Core/Src/haptic.o
 *(.rodata*)
 .rodata.s_patterns
                0x08004980       0x30 ./Core/Src/haptic.o
 .rodata.AHBPrescTable
                0x080049b0       0x10 ./Core/Src/system_stm32f4xx.o
                0x080049b0                AHBPrescTable
 .rodata.APBPrescTable
                0x080049c0        0x8 ./Core/Src/system_stm32f4xx.o
                0x080049c0                APBPrescTable
 .rodata.npio2_hw
                0x080049c8       0x80 C:/ST/STM32CubeIDE_2.2.0/STM32CubeIDE/plugins/com.st.stm32cube.ide.mcu.externaltools.gnu-tools-for-stm32.14.3.rel1.win32_1.0.100.202602081740/tools/bin/../lib/gcc/arm-none-eabi/14.3.1/../../../../arm-none-eabi/lib/thumb/v7e-m+fp/hard\libm.a(libm_a-ef_rem_pio2.o)
 .rodata.two_over_pi
                0x08004a48      0x318 C:/ST/STM32CubeIDE_2.2.0/STM32CubeIDE/plugins/com.st.stm32cube.ide.mcu.externaltools.gnu-tools-for-stm32.14.3.rel1.win32_1.0.100.202602081740/tools/bin/../lib/gcc/arm-none-eabi/14.3.1/../../../../arm-none-eabi/lib/thumb/v7e-m+fp/hard\libm.a(libm_a-ef_rem_pio2.o)
 .rodata.PIo2   0x08004d60       0x2c C:/ST/STM32CubeIDE_2.2.0/STM32CubeIDE/plugins/com.st.stm32cube.ide.mcu.externaltools.gnu-tools-for-stm32.14.3.rel1.win32_1.0.100.202602081740/tools/bin/../lib/gcc/arm-none-eabi/14.3.1/../../../../arm-none-eabi/lib/thumb/v7e-m+fp/hard\libm.a(libm_a-kf_rem_pio2.o)
 .rodata.init_jk
                0x08004d8c        0xc C:/ST/STM32CubeIDE_2.2.0/STM32CubeIDE/plugins/com.st.stm32cube.ide.mcu.externaltools.gnu-tools-for-stm32.14.3.rel1.win32_1.0.100.202602081740/tools/bin/../lib/gcc/arm-none-eabi/14.3.1/../../../../arm-none-eabi/lib/thumb/v7e-m+fp/hard\libm.a(libm_a-kf_rem_pio2.o)
                0x08004d98                        . = ALIGN (0x4)

.ARM.extab      0x08004d98        0x0
                0x08004d98                        . = ALIGN (0x4)
 *(.ARM.extab* .gnu.linkonce.armextab.*)
                0x08004d98                        . = ALIGN (0x4)

.ARM            0x08004d98        0x8
                0x08004d98                        . = ALIGN (0x4)
                0x08004d98                        __exidx_start = .
 *(.ARM.exidx*)
 .ARM.exidx     0x08004d98        0x8 C:/ST/STM32CubeIDE_2.2.0/STM32CubeIDE/plugins/com.st.stm32cube.ide.mcu.externaltools.gnu-tools-for-stm32.14.3.rel1.win32_1.0.100.202602081740/tools/bin/../lib/gcc/arm-none-eabi/14.3.1/thumb/v7e-m+fp/hard\libgcc.a(_udivmoddi4.o)
                0x08004da0                        __exidx_end = .
                0x08004da0                        . = ALIGN (0x4)

.preinit_array  0x08004da0        0x0
                0x08004da0                        . = ALIGN (0x4)
                0x08004da0                        PROVIDE (__preinit_array_start = .)
 *(.preinit_array*)
                0x08004da0                        PROVIDE (__preinit_array_end = .)
                0x08004da0                        . = ALIGN (0x4)

.init_array     0x08004da0        0x4
                0x08004da0                        . = ALIGN (0x4)
                0x08004da0                        PROVIDE (__init_array_start = .)
 *(SORT_BY_NAME(.init_array.*))
 *(.init_array*)
 .init_array    0x08004da0        0x4 C:/ST/STM32CubeIDE_2.2.0/STM32CubeIDE/plugins/com.st.stm32cube.ide.mcu.externaltools.gnu-tools-for-stm32.14.3.rel1.win32_1.0.100.202602081740/tools/bin/../lib/gcc/arm-none-eabi/14.3.1/thumb/v7e-m+fp/hard/crtbegin.o
                0x08004da4                        PROVIDE (__init_array_end = .)
                0x08004da4                        . = ALIGN (0x4)

.fini_array     0x08004da4        0x4
                0x08004da4                        . = ALIGN (0x4)
                [!provide]                        PROVIDE (__fini_array_start = .)
 *(SORT_BY_NAME(.fini_array.*))
 *(.fini_array*)
 .fini_array    0x08004da4        0x4 C:/ST/STM32CubeIDE_2.2.0/STM32CubeIDE/plugins/com.st.stm32cube.ide.mcu.externaltools.gnu-tools-for-stm32.14.3.rel1.win32_1.0.100.202602081740/tools/bin/../lib/gcc/arm-none-eabi/14.3.1/thumb/v7e-m+fp/hard/crtbegin.o
                [!provide]                        PROVIDE (__fini_array_end = .)
                0x08004da8                        . = ALIGN (0x4)
                0x08004da8                        _sidata = LOADADDR (.data)

.rel.dyn        0x08004da8        0x0
 .rel.iplt      0x08004da8        0x0 C:/ST/STM32CubeIDE_2.2.0/STM32CubeIDE/plugins/com.st.stm32cube.ide.mcu.externaltools.gnu-tools-for-stm32.14.3.rel1.win32_1.0.100.202602081740/tools/bin/../lib/gcc/arm-none-eabi/14.3.1/thumb/v7e-m+fp/hard/crtbegin.o

.data           0x20000000       0x10 load address 0x08004da8
                0x20000000                        . = ALIGN (0x4)
                0x20000000                        _sdata = .
 *(.data)
 *(.data*)
 .data.s_last_step_index
                0x20000000        0x2 ./Core/Src/haptic.o
 *fill*         0x20000002        0x2 
 .data.SystemCoreClock
                0x20000004        0x4 ./Core/Src/system_stm32f4xx.o
                0x20000004                SystemCoreClock
 .data.uwTickPrio
                0x20000008        0x4 ./Drivers/STM32F4xx_HAL_Driver/Src/stm32f4xx_hal.o
                0x20000008                uwTickPrio
 .data.uwTickFreq
                0x2000000c        0x1 ./Drivers/STM32F4xx_HAL_Driver/Src/stm32f4xx_hal.o
                0x2000000c                uwTickFreq
 *(.RamFunc)
 *(.RamFunc*)
                0x20000010                        . = ALIGN (0x4)
 *fill*         0x2000000d        0x3 
                0x20000010                        _edata = .

.igot.plt       0x20000010        0x0 load address 0x08004db8
 .igot.plt      0x20000010        0x0 C:/ST/STM32CubeIDE_2.2.0/STM32CubeIDE/plugins/com.st.stm32cube.ide.mcu.externaltools.gnu-tools-for-stm32.14.3.rel1.win32_1.0.100.202602081740/tools/bin/../lib/gcc/arm-none-eabi/14.3.1/thumb/v7e-m+fp/hard/crtbegin.o
                0x20000010                        . = ALIGN (0x4)

.bss            0x20000010      0x114 load address 0x08004db8
                0x20000010                        _sbss = .
                0x20000010                        __bss_start__ = _sbss
 *(.bss)
 .bss           0x20000010       0x1c C:/ST/STM32CubeIDE_2.2.0/STM32CubeIDE/plugins/com.st.stm32cube.ide.mcu.externaltools.gnu-tools-for-stm32.14.3.rel1.win32_1.0.100.202602081740/tools/bin/../lib/gcc/arm-none-eabi/14.3.1/thumb/v7e-m+fp/hard/crtbegin.o
 *(.bss*)
 .bss.s_last_pressed
                0x2000002c        0x1 ./Core/Src/button.o
 .bss.s_pattern_idx
                0x2000002d        0x1 ./Core/Src/haptic.o
 .bss.s_phase   0x2000002e        0x1 ./Core/Src/haptic.o
 *fill*         0x2000002f        0x1 
 .bss.s_phase_start
                0x20000030        0x4 ./Core/Src/haptic.o
 .bss.s_cycle_count
                0x20000034        0x1 ./Core/Src/haptic.o
 .bss.s_session_active
                0x20000035        0x1 ./Core/Src/haptic.o
 .bss.s_last_pulse_on
                0x20000036        0x1 ./Core/Src/haptic.o
 *fill*         0x20000037        0x1 
 .bss.hi2c1     0x20000038       0x54 ./Core/Src/i2c.o
                0x20000038                hi2c1
 .bss.s_pulse_start_tick
                0x2000008c        0x4 ./Core/Src/rgb_led.o
 .bss.htim1     0x20000090       0x48 ./Core/Src/tim.o
                0x20000090                htim1
 .bss.htim12    0x200000d8       0x48 ./Core/Src/tim.o
                0x200000d8                htim12
 .bss.uwTick    0x20000120        0x4 ./Drivers/STM32F4xx_HAL_Driver/Src/stm32f4xx_hal.o
                0x20000120                uwTick
 *(COMMON)
                0x20000124                        . = ALIGN (0x4)
                0x20000124                        _ebss = .
                0x20000124                        __bss_end__ = _ebss

._user_heap_stack
                0x20000124      0x604 load address 0x08004db8
                0x20000128                        . = ALIGN (0x8)
 *fill*         0x20000124        0x4 
                [!provide]                        PROVIDE (end = .)
                0x20000128                        PROVIDE (_end = .)
                0x20000328                        . = (. + _Min_Heap_Size)
 *fill*         0x20000128      0x200 
                0x20000728                        . = (. + _Min_Stack_Size)
 *fill*         0x20000328      0x400 
                0x20000728                        . = ALIGN (0x8)

/DISCARD/
 libc.a(*)
 libm.a(*)
 libgcc.a(*)

.ARM.attributes
                0x00000000       0x30
 *(.ARM.attributes)
 .ARM.attributes
                0x00000000       0x22 C:/ST/STM32CubeIDE_2.2.0/STM32CubeIDE/plugins/com.st.stm32cube.ide.mcu.externaltools.gnu-tools-for-stm32.14.3.rel1.win32_1.0.100.202602081740/tools/bin/../lib/gcc/arm-none-eabi/14.3.1/thumb/v7e-m+fp/hard/crti.o
 .ARM.attributes
                0x00000022       0x34 C:/ST/STM32CubeIDE_2.2.0/STM32CubeIDE/plugins/com.st.stm32cube.ide.mcu.externaltools.gnu-tools-for-stm32.14.3.rel1.win32_1.0.100.202602081740/tools/bin/../lib/gcc/arm-none-eabi/14.3.1/thumb/v7e-m+fp/hard/crtbegin.o
 .ARM.attributes
                0x00000056       0x34 ./Core/Src/button.o
 .ARM.attributes
                0x0000008a       0x34 ./Core/Src/charge_status.o
 .ARM.attributes
                0x000000be       0x34 ./Core/Src/drv2605.o
 .ARM.attributes
                0x000000f2       0x34 ./Core/Src/gpio.o
 .ARM.attributes
                0x00000126       0x34 ./Core/Src/haptic.o
 .ARM.attributes
                0x0000015a       0x34 ./Core/Src/i2c.o
 .ARM.attributes
                0x0000018e       0x34 ./Core/Src/main.o
 .ARM.attributes
                0x000001c2       0x34 ./Core/Src/rgb_led.o
 .ARM.attributes
                0x000001f6       0x34 ./Core/Src/stm32f4xx_hal_i2c.o
 .ARM.attributes
                0x0000022a       0x34 ./Core/Src/stm32f4xx_hal_msp.o
 .ARM.attributes
                0x0000025e       0x34 ./Core/Src/stm32f4xx_hal_tim.o
 .ARM.attributes
                0x00000292       0x34 ./Core/Src/stm32f4xx_it.o
 .ARM.attributes
                0x000002c6       0x34 ./Core/Src/system_stm32f4xx.o
 .ARM.attributes
                0x000002fa       0x34 ./Core/Src/tim.o
 .ARM.attributes
                0x0000032e       0x21 ./Core/Startup/startup_stm32f413rgtx.o
 .ARM.attributes
                0x0000034f       0x34 ./Drivers/STM32F4xx_HAL_Driver/Src/stm32f4xx_hal.o
 .ARM.attributes
                0x00000383       0x34 ./Drivers/STM32F4xx_HAL_Driver/Src/stm32f4xx_hal_cortex.o
 .ARM.attributes
                0x000003b7       0x34 ./Drivers/STM32F4xx_HAL_Driver/Src/stm32f4xx_hal_gpio.o
 .ARM.attributes
                0x000003eb       0x34 ./Drivers/STM32F4xx_HAL_Driver/Src/stm32f4xx_hal_rcc.o
 .ARM.attributes
                0x0000041f       0x34 ./Drivers/STM32F4xx_HAL_Driver/Src/stm32f4xx_hal_rcc_ex.o
 .ARM.attributes
                0x00000453       0x34 C:/ST/STM32CubeIDE_2.2.0/STM32CubeIDE/plugins/com.st.stm32cube.ide.mcu.externaltools.gnu-tools-for-stm32.14.3.rel1.win32_1.0.100.202602081740/tools/bin/../lib/gcc/arm-none-eabi/14.3.1/../../../../arm-none-eabi/lib/thumb/v7e-m+fp/hard\libc_nano.a(libc_a-memset.o)
 .ARM.attributes
                0x00000487       0x34 C:/ST/STM32CubeIDE_2.2.0/STM32CubeIDE/plugins/com.st.stm32cube.ide.mcu.externaltools.gnu-tools-for-stm32.14.3.rel1.win32_1.0.100.202602081740/tools/bin/../lib/gcc/arm-none-eabi/14.3.1/../../../../arm-none-eabi/lib/thumb/v7e-m+fp/hard\libc_nano.a(libc_a-init.o)
 .ARM.attributes
                0x000004bb       0x34 C:/ST/STM32CubeIDE_2.2.0/STM32CubeIDE/plugins/com.st.stm32cube.ide.mcu.externaltools.gnu-tools-for-stm32.14.3.rel1.win32_1.0.100.202602081740/tools/bin/../lib/gcc/arm-none-eabi/14.3.1/../../../../arm-none-eabi/lib/thumb/v7e-m+fp/hard\libm.a(libm_a-sf_cos.o)
 .ARM.attributes
                0x000004ef       0x34 C:/ST/STM32CubeIDE_2.2.0/STM32CubeIDE/plugins/com.st.stm32cube.ide.mcu.externaltools.gnu-tools-for-stm32.14.3.rel1.win32_1.0.100.202602081740/tools/bin/../lib/gcc/arm-none-eabi/14.3.1/../../../../arm-none-eabi/lib/thumb/v7e-m+fp/hard\libm.a(libm_a-kf_cos.o)
 .ARM.attributes
                0x00000523       0x34 C:/ST/STM32CubeIDE_2.2.0/STM32CubeIDE/plugins/com.st.stm32cube.ide.mcu.externaltools.gnu-tools-for-stm32.14.3.rel1.win32_1.0.100.202602081740/tools/bin/../lib/gcc/arm-none-eabi/14.3.1/../../../../arm-none-eabi/lib/thumb/v7e-m+fp/hard\libm.a(libm_a-kf_sin.o)
 .ARM.attributes
                0x00000557       0x34 C:/ST/STM32CubeIDE_2.2.0/STM32CubeIDE/plugins/com.st.stm32cube.ide.mcu.externaltools.gnu-tools-for-stm32.14.3.rel1.win32_1.0.100.202602081740/tools/bin/../lib/gcc/arm-none-eabi/14.3.1/../../../../arm-none-eabi/lib/thumb/v7e-m+fp/hard\libm.a(libm_a-ef_rem_pio2.o)
 .ARM.attributes
                0x0000058b       0x34 C:/ST/STM32CubeIDE_2.2.0/STM32CubeIDE/plugins/com.st.stm32cube.ide.mcu.externaltools.gnu-tools-for-stm32.14.3.rel1.win32_1.0.100.202602081740/tools/bin/../lib/gcc/arm-none-eabi/14.3.1/../../../../arm-none-eabi/lib/thumb/v7e-m+fp/hard\libm.a(libm_a-sf_fabs.o)
 .ARM.attributes
                0x000005bf       0x34 C:/ST/STM32CubeIDE_2.2.0/STM32CubeIDE/plugins/com.st.stm32cube.ide.mcu.externaltools.gnu-tools-for-stm32.14.3.rel1.win32_1.0.100.202602081740/tools/bin/../lib/gcc/arm-none-eabi/14.3.1/../../../../arm-none-eabi/lib/thumb/v7e-m+fp/hard\libm.a(libm_a-kf_rem_pio2.o)
 .ARM.attributes
                0x000005f3       0x34 C:/ST/STM32CubeIDE_2.2.0/STM32CubeIDE/plugins/com.st.stm32cube.ide.mcu.externaltools.gnu-tools-for-stm32.14.3.rel1.win32_1.0.100.202602081740/tools/bin/../lib/gcc/arm-none-eabi/14.3.1/../../../../arm-none-eabi/lib/thumb/v7e-m+fp/hard\libm.a(libm_a-sf_scalbn.o)
 .ARM.attributes
                0x00000627       0x34 C:/ST/STM32CubeIDE_2.2.0/STM32CubeIDE/plugins/com.st.stm32cube.ide.mcu.externaltools.gnu-tools-for-stm32.14.3.rel1.win32_1.0.100.202602081740/tools/bin/../lib/gcc/arm-none-eabi/14.3.1/../../../../arm-none-eabi/lib/thumb/v7e-m+fp/hard\libm.a(libm_a-sf_floor.o)
 .ARM.attributes
                0x0000065b       0x22 C:/ST/STM32CubeIDE_2.2.0/STM32CubeIDE/plugins/com.st.stm32cube.ide.mcu.externaltools.gnu-tools-for-stm32.14.3.rel1.win32_1.0.100.202602081740/tools/bin/../lib/gcc/arm-none-eabi/14.3.1/thumb/v7e-m+fp/hard\libgcc.a(_aeabi_uldivmod.o)
 .ARM.attributes
                0x0000067d       0x34 C:/ST/STM32CubeIDE_2.2.0/STM32CubeIDE/plugins/com.st.stm32cube.ide.mcu.externaltools.gnu-tools-for-stm32.14.3.rel1.win32_1.0.100.202602081740/tools/bin/../lib/gcc/arm-none-eabi/14.3.1/thumb/v7e-m+fp/hard\libgcc.a(_udivmoddi4.o)
 .ARM.attributes
                0x000006b1       0x22 C:/ST/STM32CubeIDE_2.2.0/STM32CubeIDE/plugins/com.st.stm32cube.ide.mcu.externaltools.gnu-tools-for-stm32.14.3.rel1.win32_1.0.100.202602081740/tools/bin/../lib/gcc/arm-none-eabi/14.3.1/thumb/v7e-m+fp/hard\libgcc.a(_dvmd_tls.o)
 .ARM.attributes
                0x000006d3       0x22 C:/ST/STM32CubeIDE_2.2.0/STM32CubeIDE/plugins/com.st.stm32cube.ide.mcu.externaltools.gnu-tools-for-stm32.14.3.rel1.win32_1.0.100.202602081740/tools/bin/../lib/gcc/arm-none-eabi/14.3.1/thumb/v7e-m+fp/hard/crtn.o
OUTPUT(Melloband_Firmware.elf elf32-littlearm)
LOAD linker stubs
LOAD C:/ST/STM32CubeIDE_2.2.0/STM32CubeIDE/plugins/com.st.stm32cube.ide.mcu.externaltools.gnu-tools-for-stm32.14.3.rel1.win32_1.0.100.202602081740/tools/bin/../lib/gcc/arm-none-eabi/14.3.1/../../../../arm-none-eabi/lib/thumb/v7e-m+fp/hard\libc.a
LOAD C:/ST/STM32CubeIDE_2.2.0/STM32CubeIDE/plugins/com.st.stm32cube.ide.mcu.externaltools.gnu-tools-for-stm32.14.3.rel1.win32_1.0.100.202602081740/tools/bin/../lib/gcc/arm-none-eabi/14.3.1/../../../../arm-none-eabi/lib/thumb/v7e-m+fp/hard\libm.a
LOAD C:/ST/STM32CubeIDE_2.2.0/STM32CubeIDE/plugins/com.st.stm32cube.ide.mcu.externaltools.gnu-tools-for-stm32.14.3.rel1.win32_1.0.100.202602081740/tools/bin/../lib/gcc/arm-none-eabi/14.3.1/thumb/v7e-m+fp/hard\libgcc.a

.debug_info     0x00000000     0xbb11
 .debug_info    0x00000000      0x1ef ./Core/Src/button.o
 .debug_info    0x000001ef      0x227 ./Core/Src/charge_status.o
 .debug_info    0x00000416      0x89e ./Core/Src/drv2605.o
 .debug_info    0x00000cb4      0x435 ./Core/Src/gpio.o
 .debug_info    0x000010e9      0x4ee ./Core/Src/haptic.o
 .debug_info    0x000015d7      0x94a ./Core/Src/i2c.o
 .debug_info    0x00001f21      0x579 ./Core/Src/main.o
 .debug_info    0x0000249a      0x31e ./Core/Src/rgb_led.o
 .debug_info    0x000027b8     0x2421 ./Core/Src/stm32f4xx_hal_i2c.o
 .debug_info    0x00004bd9      0x299 ./Core/Src/stm32f4xx_hal_msp.o
 .debug_info    0x00004e72     0x299d ./Core/Src/stm32f4xx_hal_tim.o
 .debug_info    0x0000780f      0x112 ./Core/Src/stm32f4xx_it.o
 .debug_info    0x00007921      0x54a ./Core/Src/system_stm32f4xx.o
 .debug_info    0x00007e6b      0xc7d ./Core/Src/tim.o
 .debug_info    0x00008ae8       0x30 ./Core/Startup/startup_stm32f413rgtx.o
 .debug_info    0x00008b18      0x9ca ./Drivers/STM32F4xx_HAL_Driver/Src/stm32f4xx_hal.o
 .debug_info    0x000094e2      0xdda ./Drivers/STM32F4xx_HAL_Driver/Src/stm32f4xx_hal_cortex.o
 .debug_info    0x0000a2bc      0x723 ./Drivers/STM32F4xx_HAL_Driver/Src/stm32f4xx_hal_gpio.o
 .debug_info    0x0000a9df      0x8ff ./Drivers/STM32F4xx_HAL_Driver/Src/stm32f4xx_hal_rcc.o
 .debug_info    0x0000b2de      0x833 ./Drivers/STM32F4xx_HAL_Driver/Src/stm32f4xx_hal_rcc_ex.o

.debug_abbrev   0x00000000     0x2300
 .debug_abbrev  0x00000000      0x123 ./Core/Src/button.o
 .debug_abbrev  0x00000123      0x14e ./Core/Src/charge_status.o
 .debug_abbrev  0x00000271      0x1cf ./Core/Src/drv2605.o
 .debug_abbrev  0x00000440      0x164 ./Core/Src/gpio.o
 .debug_abbrev  0x000005a4      0x20c ./Core/Src/haptic.o
 .debug_abbrev  0x000007b0      0x1d2 ./Core/Src/i2c.o
 .debug_abbrev  0x00000982      0x207 ./Core/Src/main.o
 .debug_abbrev  0x00000b89      0x1d1 ./Core/Src/rgb_led.o
 .debug_abbrev  0x00000d5a      0x2ad ./Core/Src/stm32f4xx_hal_i2c.o
 .debug_abbrev  0x00001007       0xd8 ./Core/Src/stm32f4xx_hal_msp.o
 .debug_abbrev  0x000010df      0x278 ./Core/Src/stm32f4xx_hal_tim.o
 .debug_abbrev  0x00001357       0x73 ./Core/Src/stm32f4xx_it.o
 .debug_abbrev  0x000013ca      0x11a ./Core/Src/system_stm32f4xx.o
 .debug_abbrev  0x000014e4      0x250 ./Core/Src/tim.o
 .debug_abbrev  0x00001734       0x24 ./Core/Startup/startup_stm32f413rgtx.o
 .debug_abbrev  0x00001758      0x214 ./Drivers/STM32F4xx_HAL_Driver/Src/stm32f4xx_hal.o
 .debug_abbrev  0x0000196c      0x31d ./Drivers/STM32F4xx_HAL_Driver/Src/stm32f4xx_hal_cortex.o
 .debug_abbrev  0x00001c89      0x1d4 ./Drivers/STM32F4xx_HAL_Driver/Src/stm32f4xx_hal_gpio.o
 .debug_abbrev  0x00001e5d      0x2b7 ./Drivers/STM32F4xx_HAL_Driver/Src/stm32f4xx_hal_rcc.o
 .debug_abbrev  0x00002114      0x1ec ./Drivers/STM32F4xx_HAL_Driver/Src/stm32f4xx_hal_rcc_ex.o

.debug_aranges  0x00000000      0xca0
 .debug_aranges
                0x00000000       0x28 ./Core/Src/button.o
 .debug_aranges
                0x00000028       0x28 ./Core/Src/charge_status.o
 .debug_aranges
                0x00000050       0x50 ./Core/Src/drv2605.o
 .debug_aranges
                0x000000a0       0x20 ./Core/Src/gpio.o
 .debug_aranges
                0x000000c0       0x60 ./Core/Src/haptic.o
 .debug_aranges
                0x00000120       0x20 ./Core/Src/i2c.o
 .debug_aranges
                0x00000140       0x30 ./Core/Src/main.o
 .debug_aranges
                0x00000170       0x40 ./Core/Src/rgb_led.o
 .debug_aranges
                0x000001b0      0x2a8 ./Core/Src/stm32f4xx_hal_i2c.o
 .debug_aranges
                0x00000458       0x20 ./Core/Src/stm32f4xx_hal_msp.o
 .debug_aranges
                0x00000478      0x3d0 ./Core/Src/stm32f4xx_hal_tim.o
 .debug_aranges
                0x00000848       0x60 ./Core/Src/stm32f4xx_it.o
 .debug_aranges
                0x000008a8       0x28 ./Core/Src/system_stm32f4xx.o
 .debug_aranges
                0x000008d0       0x48 ./Core/Src/tim.o
 .debug_aranges
                0x00000918       0x28 ./Core/Startup/startup_stm32f413rgtx.o
 .debug_aranges
                0x00000940       0xf0 ./Drivers/STM32F4xx_HAL_Driver/Src/stm32f4xx_hal.o
 .debug_aranges
                0x00000a30      0x130 ./Drivers/STM32F4xx_HAL_Driver/Src/stm32f4xx_hal_cortex.o
 .debug_aranges
                0x00000b60       0x58 ./Drivers/STM32F4xx_HAL_Driver/Src/stm32f4xx_hal_gpio.o
 .debug_aranges
                0x00000bb8       0x88 ./Drivers/STM32F4xx_HAL_Driver/Src/stm32f4xx_hal_rcc.o
 .debug_aranges
                0x00000c40       0x60 ./Drivers/STM32F4xx_HAL_Driver/Src/stm32f4xx_hal_rcc_ex.o

.debug_rnglists
                0x00000000      0x9e2
 .debug_rnglists
                0x00000000       0x19 ./Core/Src/button.o
 .debug_rnglists
                0x00000019       0x19 ./Core/Src/charge_status.o
 .debug_rnglists
                0x00000032       0x38 ./Core/Src/drv2605.o
 .debug_rnglists
                0x0000006a       0x14 ./Core/Src/gpio.o
 .debug_rnglists
                0x0000007e       0x72 ./Core/Src/haptic.o
 .debug_rnglists
                0x000000f0       0x14 ./Core/Src/i2c.o
 .debug_rnglists
                0x00000104       0x20 ./Core/Src/main.o
 .debug_rnglists
                0x00000124       0x2c ./Core/Src/rgb_led.o
 .debug_rnglists
                0x00000150      0x23c ./Core/Src/stm32f4xx_hal_i2c.o
 .debug_rnglists
                0x0000038c       0x13 ./Core/Src/stm32f4xx_hal_msp.o
 .debug_rnglists
                0x0000039f      0x31a ./Core/Src/stm32f4xx_hal_tim.o
 .debug_rnglists
                0x000006b9       0x43 ./Core/Src/stm32f4xx_it.o
 .debug_rnglists
                0x000006fc       0x1a ./Core/Src/system_stm32f4xx.o
 .debug_rnglists
                0x00000716       0x35 ./Core/Src/tim.o
 .debug_rnglists
                0x0000074b       0x19 ./Core/Startup/startup_stm32f413rgtx.o
 .debug_rnglists
                0x00000764       0xaf ./Drivers/STM32F4xx_HAL_Driver/Src/stm32f4xx_hal.o
 .debug_rnglists
                0x00000813       0xe0 ./Drivers/STM32F4xx_HAL_Driver/Src/stm32f4xx_hal_cortex.o
 .debug_rnglists
                0x000008f3       0x3f ./Drivers/STM32F4xx_HAL_Driver/Src/stm32f4xx_hal_gpio.o
 .debug_rnglists
                0x00000932       0x66 ./Drivers/STM32F4xx_HAL_Driver/Src/stm32f4xx_hal_rcc.o
 .debug_rnglists
                0x00000998       0x4a ./Drivers/STM32F4xx_HAL_Driver/Src/stm32f4xx_hal_rcc_ex.o

.debug_macro    0x00000000    0x2214c
 .debug_macro   0x00000000      0x209 ./Core/Src/button.o
 .debug_macro   0x00000209      0xad8 ./Core/Src/button.o
 .debug_macro   0x00000ce1      0x29b ./Core/Src/button.o
 .debug_macro   0x00000f7c       0x2e ./Core/Src/button.o
 .debug_macro   0x00000faa       0x28 ./Core/Src/button.o
 .debug_macro   0x00000fd2       0x22 ./Core/Src/button.o
 .debug_macro   0x00000ff4       0x8e ./Core/Src/button.o
 .debug_macro   0x00001082       0x51 ./Core/Src/button.o
 .debug_macro   0x000010d3      0x103 ./Core/Src/button.o
 .debug_macro   0x000011d6       0x6a ./Core/Src/button.o
 .debug_macro   0x00001240      0x1df ./Core/Src/button.o
 .debug_macro   0x0000141f       0x1c ./Core/Src/button.o
 .debug_macro   0x0000143b       0x22 ./Core/Src/button.o
 .debug_macro   0x0000145d       0xfb ./Core/Src/button.o
 .debug_macro   0x00001558     0x1011 ./Core/Src/button.o
 .debug_macro   0x00002569      0x11f ./Core/Src/button.o
 .debug_macro   0x00002688    0x15aa0 ./Core/Src/button.o
 .debug_macro   0x00018128       0x6d ./Core/Src/button.o
 .debug_macro   0x00018195     0x3693 ./Core/Src/button.o
 .debug_macro   0x0001b828      0x190 ./Core/Src/button.o
 .debug_macro   0x0001b9b8       0x5c ./Core/Src/button.o
 .debug_macro   0x0001ba14      0xcf2 ./Core/Src/button.o
 .debug_macro   0x0001c706      0x9e9 ./Core/Src/button.o
 .debug_macro   0x0001d0ef      0x115 ./Core/Src/button.o
 .debug_macro   0x0001d204      0x202 ./Core/Src/button.o
 .debug_macro   0x0001d406       0xa5 ./Core/Src/button.o
 .debug_macro   0x0001d4ab      0x173 ./Core/Src/button.o
 .debug_macro   0x0001d61e      0x2bf ./Core/Src/button.o
 .debug_macro   0x0001d8dd       0x5f ./Core/Src/button.o
 .debug_macro   0x0001d93c      0x236 ./Core/Src/button.o
 .debug_macro   0x0001db72      0x132 ./Core/Src/button.o
 .debug_macro   0x0001dca4      0x30c ./Core/Src/button.o
 .debug_macro   0x0001dfb0       0x2e ./Core/Src/button.o
 .debug_macro   0x0001dfde      0x1af ./Core/Src/button.o
 .debug_macro   0x0001e18d       0x22 ./Core/Src/button.o
 .debug_macro   0x0001e1af       0xd6 ./Core/Src/button.o
 .debug_macro   0x0001e285      0x127 ./Core/Src/button.o
 .debug_macro   0x0001e3ac       0x91 ./Core/Src/button.o
 .debug_macro   0x0001e43d       0x89 ./Core/Src/button.o
 .debug_macro   0x0001e4c6      0x8ed ./Core/Src/button.o
 .debug_macro   0x0001edb3       0x77 ./Core/Src/button.o
 .debug_macro   0x0001ee2a      0x134 ./Core/Src/button.o
 .debug_macro   0x0001ef5e       0xbe ./Core/Src/button.o
 .debug_macro   0x0001f01c       0x22 ./Core/Src/button.o
 .debug_macro   0x0001f03e      0x2cc ./Core/Src/charge_status.o
 .debug_macro   0x0001f30a       0x61 ./Core/Src/charge_status.o
 .debug_macro   0x0001f36b       0x2a ./Core/Src/charge_status.o
 .debug_macro   0x0001f395       0x43 ./Core/Src/charge_status.o
 .debug_macro   0x0001f3d8       0x34 ./Core/Src/charge_status.o
 .debug_macro   0x0001f40c      0x364 ./Core/Src/charge_status.o
 .debug_macro   0x0001f770       0x16 ./Core/Src/charge_status.o
 .debug_macro   0x0001f786       0x4a ./Core/Src/charge_status.o
 .debug_macro   0x0001f7d0       0x34 ./Core/Src/charge_status.o
 .debug_macro   0x0001f804       0x10 ./Core/Src/charge_status.o
 .debug_macro   0x0001f814       0x58 ./Core/Src/charge_status.o
 .debug_macro   0x0001f86c       0x8e ./Core/Src/charge_status.o
 .debug_macro   0x0001f8fa       0x1c ./Core/Src/charge_status.o
 .debug_macro   0x0001f916      0x17e ./Core/Src/charge_status.o
 .debug_macro   0x0001fa94      0x19b ./Core/Src/charge_status.o
 .debug_macro   0x0001fc2f      0x21d ./Core/Src/drv2605.o
 .debug_macro   0x0001fe4c       0x70 ./Core/Src/drv2605.o
 .debug_macro   0x0001febc      0x200 ./Core/Src/gpio.o
 .debug_macro   0x000200bc      0x2de ./Core/Src/haptic.o
 .debug_macro   0x0002039a       0x10 ./Core/Src/haptic.o
 .debug_macro   0x000203aa       0x76 ./Core/Src/haptic.o
 .debug_macro   0x00020420      0x208 ./Core/Src/i2c.o
 .debug_macro   0x00020628      0x251 ./Core/Src/main.o
 .debug_macro   0x00020879      0x2cc ./Core/Src/rgb_led.o
 .debug_macro   0x00020b45      0x235 ./Core/Src/stm32f4xx_hal_i2c.o
 .debug_macro   0x00020d7a      0x1f6 ./Core/Src/stm32f4xx_hal_msp.o
 .debug_macro   0x00020f70      0x1e8 ./Core/Src/stm32f4xx_hal_tim.o
 .debug_macro   0x00021158      0x200 ./Core/Src/stm32f4xx_it.o
 .debug_macro   0x00021358      0x1e7 ./Core/Src/system_stm32f4xx.o
 .debug_macro   0x0002153f      0x200 ./Core/Src/tim.o
 .debug_macro   0x0002173f      0x247 ./Drivers/STM32F4xx_HAL_Driver/Src/stm32f4xx_hal.o
 .debug_macro   0x00021986      0x1e7 ./Drivers/STM32F4xx_HAL_Driver/Src/stm32f4xx_hal_cortex.o
 .debug_macro   0x00021b6d      0x1ed ./Drivers/STM32F4xx_HAL_Driver/Src/stm32f4xx_hal_gpio.o
 .debug_macro   0x00021d5a      0x20b ./Drivers/STM32F4xx_HAL_Driver/Src/stm32f4xx_hal_rcc.o
 .debug_macro   0x00021f65      0x1e7 ./Drivers/STM32F4xx_HAL_Driver/Src/stm32f4xx_hal_rcc_ex.o

.debug_line     0x00000000    0x11d63
 .debug_line    0x00000000      0x7c5 ./Core/Src/button.o
 .debug_line    0x000007c5      0x8eb ./Core/Src/charge_status.o
 .debug_line    0x000010b0      0x90b ./Core/Src/drv2605.o
 .debug_line    0x000019bb      0x7a9 ./Core/Src/gpio.o
 .debug_line    0x00002164      0xb83 ./Core/Src/haptic.o
 .debug_line    0x00002ce7      0x797 ./Core/Src/i2c.o
 .debug_line    0x0000347e      0x84a ./Core/Src/main.o
 .debug_line    0x00003cc8      0x96e ./Core/Src/rgb_led.o
 .debug_line    0x00004636     0x3aea ./Core/Src/stm32f4xx_hal_i2c.o
 .debug_line    0x00008120      0x763 ./Core/Src/stm32f4xx_hal_msp.o
 .debug_line    0x00008883     0x37b8 ./Core/Src/stm32f4xx_hal_tim.o
 .debug_line    0x0000c03b      0x807 ./Core/Src/stm32f4xx_it.o
 .debug_line    0x0000c842      0x7d9 ./Core/Src/system_stm32f4xx.o
 .debug_line    0x0000d01b      0x96f ./Core/Src/tim.o
 .debug_line    0x0000d98a       0x7a ./Core/Startup/startup_stm32f413rgtx.o
 .debug_line    0x0000da04      0xa58 ./Drivers/STM32F4xx_HAL_Driver/Src/stm32f4xx_hal.o
 .debug_line    0x0000e45c      0xd25 ./Drivers/STM32F4xx_HAL_Driver/Src/stm32f4xx_hal_cortex.o
 .debug_line    0x0000f181      0xb96 ./Drivers/STM32F4xx_HAL_Driver/Src/stm32f4xx_hal_gpio.o
 .debug_line    0x0000fd17      0xe6e ./Drivers/STM32F4xx_HAL_Driver/Src/stm32f4xx_hal_rcc.o
 .debug_line    0x00010b85     0x11de ./Drivers/STM32F4xx_HAL_Driver/Src/stm32f4xx_hal_rcc_ex.o

.debug_str      0x00000000    0xce51f
 .debug_str     0x00000000    0xce51f ./Core/Src/button.o
                              0xc6bca (size before relaxing)
 .debug_str     0x000ce51f    0xca562 ./Core/Src/charge_status.o
 .debug_str     0x000ce51f    0xc7336 ./Core/Src/drv2605.o
 .debug_str     0x000ce51f    0xc6ca3 ./Core/Src/gpio.o
 .debug_str     0x000ce51f    0xca93c ./Core/Src/haptic.o
 .debug_str     0x000ce51f    0xc719b ./Core/Src/i2c.o
 .debug_str     0x000ce51f    0xc70f9 ./Core/Src/main.o
 .debug_str     0x000ce51f    0xca5f0 ./Core/Src/rgb_led.o
 .debug_str     0x000ce51f    0xc7948 ./Core/Src/stm32f4xx_hal_i2c.o
 .debug_str     0x000ce51f    0xc6bed ./Core/Src/stm32f4xx_hal_msp.o
 .debug_str     0x000ce51f    0xc7caf ./Core/Src/stm32f4xx_hal_tim.o
 .debug_str     0x000ce51f    0xc6b4f ./Core/Src/stm32f4xx_it.o
 .debug_str     0x000ce51f    0xc6961 ./Core/Src/system_stm32f4xx.o
 .debug_str     0x000ce51f    0xc7306 ./Core/Src/tim.o
 .debug_str     0x000ce51f       0x7f ./Core/Startup/startup_stm32f413rgtx.o
 .debug_str     0x000ce51f    0xc7597 ./Drivers/STM32F4xx_HAL_Driver/Src/stm32f4xx_hal.o
 .debug_str     0x000ce51f    0xc72ef ./Drivers/STM32F4xx_HAL_Driver/Src/stm32f4xx_hal_cortex.o
 .debug_str     0x000ce51f    0xc6aeb ./Drivers/STM32F4xx_HAL_Driver/Src/stm32f4xx_hal_gpio.o
 .debug_str     0x000ce51f    0xc6d9a ./Drivers/STM32F4xx_HAL_Driver/Src/stm32f4xx_hal_rcc.o
 .debug_str     0x000ce51f    0xc6d1f ./Drivers/STM32F4xx_HAL_Driver/Src/stm32f4xx_hal_rcc_ex.o

.comment        0x00000000       0x43
 .comment       0x00000000       0x43 ./Core/Src/button.o
                                 0x44 (size before relaxing)
 .comment       0x00000043       0x44 ./Core/Src/charge_status.o
 .comment       0x00000043       0x44 ./Core/Src/drv2605.o
 .comment       0x00000043       0x44 ./Core/Src/gpio.o
 .comment       0x00000043       0x44 ./Core/Src/haptic.o
 .comment       0x00000043       0x44 ./Core/Src/i2c.o
 .comment       0x00000043       0x44 ./Core/Src/main.o
 .comment       0x00000043       0x44 ./Core/Src/rgb_led.o
 .comment       0x00000043       0x44 ./Core/Src/stm32f4xx_hal_i2c.o
 .comment       0x00000043       0x44 ./Core/Src/stm32f4xx_hal_msp.o
 .comment       0x00000043       0x44 ./Core/Src/stm32f4xx_hal_tim.o
 .comment       0x00000043       0x44 ./Core/Src/stm32f4xx_it.o
 .comment       0x00000043       0x44 ./Core/Src/system_stm32f4xx.o
 .comment       0x00000043       0x44 ./Core/Src/tim.o
 .comment       0x00000043       0x44 ./Drivers/STM32F4xx_HAL_Driver/Src/stm32f4xx_hal.o
 .comment       0x00000043       0x44 ./Drivers/STM32F4xx_HAL_Driver/Src/stm32f4xx_hal_cortex.o
 .comment       0x00000043       0x44 ./Drivers/STM32F4xx_HAL_Driver/Src/stm32f4xx_hal_gpio.o
 .comment       0x00000043       0x44 ./Drivers/STM32F4xx_HAL_Driver/Src/stm32f4xx_hal_rcc.o
 .comment       0x00000043       0x44 ./Drivers/STM32F4xx_HAL_Driver/Src/stm32f4xx_hal_rcc_ex.o

.debug_frame    0x00000000     0x31f8
 .debug_frame   0x00000000       0x50 ./Core/Src/button.o
 .debug_frame   0x00000050       0x50 ./Core/Src/charge_status.o
 .debug_frame   0x000000a0      0x104 ./Core/Src/drv2605.o
 .debug_frame   0x000001a4       0x34 ./Core/Src/gpio.o
 .debug_frame   0x000001d8      0x138 ./Core/Src/haptic.o
 .debug_frame   0x00000310       0x34 ./Core/Src/i2c.o
 .debug_frame   0x00000344       0x68 ./Core/Src/main.o
 .debug_frame   0x000003ac       0xb4 ./Core/Src/rgb_led.o
 .debug_frame   0x00000460      0xbf4 ./Core/Src/stm32f4xx_hal_i2c.o
 .debug_frame   0x00001054       0x34 ./Core/Src/stm32f4xx_hal_msp.o
 .debug_frame   0x00001088     0x10f0 ./Core/Src/stm32f4xx_hal_tim.o
 .debug_frame   0x00002178       0xf8 ./Core/Src/stm32f4xx_it.o
 .debug_frame   0x00002270       0x50 ./Core/Src/system_stm32f4xx.o
 .debug_frame   0x000022c0       0xe8 ./Core/Src/tim.o
 .debug_frame   0x000023a8      0x31c ./Drivers/STM32F4xx_HAL_Driver/Src/stm32f4xx_hal.o
 .debug_frame   0x000026c4      0x4b8 ./Drivers/STM32F4xx_HAL_Driver/Src/stm32f4xx_hal_cortex.o
 .debug_frame   0x00002b7c      0x130 ./Drivers/STM32F4xx_HAL_Driver/Src/stm32f4xx_hal_gpio.o
 .debug_frame   0x00002cac      0x1d8 ./Drivers/STM32F4xx_HAL_Driver/Src/stm32f4xx_hal_rcc.o
 .debug_frame   0x00002e84      0x15c ./Drivers/STM32F4xx_HAL_Driver/Src/stm32f4xx_hal_rcc_ex.o
 .debug_frame   0x00002fe0       0x20 C:/ST/STM32CubeIDE_2.2.0/STM32CubeIDE/plugins/com.st.stm32cube.ide.mcu.externaltools.gnu-tools-for-stm32.14.3.rel1.win32_1.0.100.202602081740/tools/bin/../lib/gcc/arm-none-eabi/14.3.1/../../../../arm-none-eabi/lib/thumb/v7e-m+fp/hard\libc_nano.a(libc_a-memset.o)
 .debug_frame   0x00003000       0x2c C:/ST/STM32CubeIDE_2.2.0/STM32CubeIDE/plugins/com.st.stm32cube.ide.mcu.externaltools.gnu-tools-for-stm32.14.3.rel1.win32_1.0.100.202602081740/tools/bin/../lib/gcc/arm-none-eabi/14.3.1/../../../../arm-none-eabi/lib/thumb/v7e-m+fp/hard\libc_nano.a(libc_a-init.o)
 .debug_frame   0x0000302c       0x34 C:/ST/STM32CubeIDE_2.2.0/STM32CubeIDE/plugins/com.st.stm32cube.ide.mcu.externaltools.gnu-tools-for-stm32.14.3.rel1.win32_1.0.100.202602081740/tools/bin/../lib/gcc/arm-none-eabi/14.3.1/../../../../arm-none-eabi/lib/thumb/v7e-m+fp/hard\libm.a(libm_a-sf_cos.o)
 .debug_frame   0x00003060       0x20 C:/ST/STM32CubeIDE_2.2.0/STM32CubeIDE/plugins/com.st.stm32cube.ide.mcu.externaltools.gnu-tools-for-stm32.14.3.rel1.win32_1.0.100.202602081740/tools/bin/../lib/gcc/arm-none-eabi/14.3.1/../../../../arm-none-eabi/lib/thumb/v7e-m+fp/hard\libm.a(libm_a-kf_cos.o)
 .debug_frame   0x00003080       0x20 C:/ST/STM32CubeIDE_2.2.0/STM32CubeIDE/plugins/com.st.stm32cube.ide.mcu.externaltools.gnu-tools-for-stm32.14.3.rel1.win32_1.0.100.202602081740/tools/bin/../lib/gcc/arm-none-eabi/14.3.1/../../../../arm-none-eabi/lib/thumb/v7e-m+fp/hard\libm.a(libm_a-kf_sin.o)
 .debug_frame   0x000030a0       0x3c C:/ST/STM32CubeIDE_2.2.0/STM32CubeIDE/plugins/com.st.stm32cube.ide.mcu.externaltools.gnu-tools-for-stm32.14.3.rel1.win32_1.0.100.202602081740/tools/bin/../lib/gcc/arm-none-eabi/14.3.1/../../../../arm-none-eabi/lib/thumb/v7e-m+fp/hard\libm.a(libm_a-ef_rem_pio2.o)
 .debug_frame   0x000030dc       0x20 C:/ST/STM32CubeIDE_2.2.0/STM32CubeIDE/plugins/com.st.stm32cube.ide.mcu.externaltools.gnu-tools-for-stm32.14.3.rel1.win32_1.0.100.202602081740/tools/bin/../lib/gcc/arm-none-eabi/14.3.1/../../../../arm-none-eabi/lib/thumb/v7e-m+fp/hard\libm.a(libm_a-sf_fabs.o)
 .debug_frame   0x000030fc       0x5c C:/ST/STM32CubeIDE_2.2.0/STM32CubeIDE/plugins/com.st.stm32cube.ide.mcu.externaltools.gnu-tools-for-stm32.14.3.rel1.win32_1.0.100.202602081740/tools/bin/../lib/gcc/arm-none-eabi/14.3.1/../../../../arm-none-eabi/lib/thumb/v7e-m+fp/hard\libm.a(libm_a-kf_rem_pio2.o)
 .debug_frame   0x00003158       0x20 C:/ST/STM32CubeIDE_2.2.0/STM32CubeIDE/plugins/com.st.stm32cube.ide.mcu.externaltools.gnu-tools-for-stm32.14.3.rel1.win32_1.0.100.202602081740/tools/bin/../lib/gcc/arm-none-eabi/14.3.1/../../../../arm-none-eabi/lib/thumb/v7e-m+fp/hard\libm.a(libm_a-sf_scalbn.o)
 .debug_frame   0x00003178       0x20 C:/ST/STM32CubeIDE_2.2.0/STM32CubeIDE/plugins/com.st.stm32cube.ide.mcu.externaltools.gnu-tools-for-stm32.14.3.rel1.win32_1.0.100.202602081740/tools/bin/../lib/gcc/arm-none-eabi/14.3.1/../../../../arm-none-eabi/lib/thumb/v7e-m+fp/hard\libm.a(libm_a-sf_floor.o)
 .debug_frame   0x00003198       0x2c C:/ST/STM32CubeIDE_2.2.0/STM32CubeIDE/plugins/com.st.stm32cube.ide.mcu.externaltools.gnu-tools-for-stm32.14.3.rel1.win32_1.0.100.202602081740/tools/bin/../lib/gcc/arm-none-eabi/14.3.1/thumb/v7e-m+fp/hard\libgcc.a(_aeabi_uldivmod.o)
 .debug_frame   0x000031c4       0x34 C:/ST/STM32CubeIDE_2.2.0/STM32CubeIDE/plugins/com.st.stm32cube.ide.mcu.externaltools.gnu-tools-for-stm32.14.3.rel1.win32_1.0.100.202602081740/tools/bin/../lib/gcc/arm-none-eabi/14.3.1/thumb/v7e-m+fp/hard\libgcc.a(_udivmoddi4.o)

.debug_line_str
                0x00000000       0x63
 .debug_line_str
                0x00000000       0x63 ./Core/Startup/startup_stm32f413rgtx.o
